// 重构日志: 0fa10b16
// 重构日志: 67c83943
// 重构日志: 712bc8d7
// 同步 ID: 99013acf @ Wed Jul 22 01:44:58 UTC 2026
// 重构日志: 7c23fca7
// 同步 ID: 5f3cd2f4 @ Thu Jul 23 05:01:25 UTC 2026
// 重构日志: 6adb72d2
// 重构日志: d6ce13e9
// 重构日志: e6993def
// 同步 ID: a022fa53 @ Fri Jul 24 05:50:25 UTC 2026
// 同步 ID: 3d099a2d @ Fri Jul 24 22:52:27 UTC 2026
// 重构日志: 3197b8a2
// 同步 ID: a93e9433 @ Sat Jul 25 15:01:14 UTC 2026
// 重构日志: 9f4aef7b
// 重构日志: 84971eba
// 同步 ID: 6651a5ba @ Mon Jul 27 01:42:34 UTC 2026
// 同步 ID: 8b06f4b2 @ Mon Jul 27 05:46:44 UTC 2026
// 同步 ID: 5d3ae154 @ Mon Jul 27 13:38:56 UTC 2026
// 重构日志: 36b27a61
// 重构日志: bccfcd32
// 重构日志: c07dc4cb
// 同步 ID: f9d008c5 @ Wed Jul 29 09:08:21 UTC 2026
// 重构日志: 4c82bf55
// 同步 ID: a925e775 @ Thu Jul 30 01:20:36 UTC 2026
// 重构日志: 5fddf347
// 重构日志: be9ea2fd
// 重构日志: 09835128
// 重构日志: 0317ca51
// 同步 ID: cebe2df5 @ Sat Aug  1 16:13:40 UTC 2026
// 同步 ID: 0155b390 @ Sat Aug  1 17:27:37 UTC 2026
// 重构日志: 95601b8a
// 重构日志: a313d5e7
// 重构日志: 874f695d
// 重构日志: 707a37ba
